2025-12-17 08:45:17,554 - Model Class: LogisticRegression
2025-12-17 08:45:17,554 - Hyperparameter Space: {'C': <hyperopt.pyll.base.Apply object at 0x7fbb1ddcf110>, 'penalty': <hyperopt.pyll.base.Apply object at 0x7fbb1de130b0>, 'solver': <hyperopt.pyll.base.Apply object at 0x7fbb1de1df50>, 'max_iter': <hyperopt.pyll.base.Apply object at 0x7fbb1e023e30>, 'random_state': 42}
2025-12-17 08:45:17,558 - build_posterior_wrapper took 0.000643 seconds
2025-12-17 08:45:17,558 - TPE using 0 trials
2025-12-17 08:45:17,559 - job exception: 'LogisticRegression' object has no attribute 'train'
2025-12-17 08:45:47,291 - Model Class: LogisticRegression
2025-12-17 08:45:47,291 - Hyperparameter Space: {'C': <hyperopt.pyll.base.Apply object at 0x7a37d778b110>, 'penalty': <hyperopt.pyll.base.Apply object at 0x7a37d77d30b0>, 'solver': <hyperopt.pyll.base.Apply object at 0x7a37d77d9f50>, 'max_iter': <hyperopt.pyll.base.Apply object at 0x7a37d79dfe30>, 'random_state': 42}
2025-12-17 08:45:47,295 - build_posterior_wrapper took 0.000828 seconds
2025-12-17 08:45:47,295 - TPE using 0 trials
2025-12-17 08:45:51,045 - build_posterior_wrapper took 0.000523 seconds
2025-12-17 08:45:51,045 - TPE using 1/1 trials with best loss -0.524685
2025-12-17 08:46:42,406 - build_posterior_wrapper took 0.000681 seconds
2025-12-17 08:46:42,406 - TPE using 2/2 trials with best loss -0.524685
2025-12-17 08:46:47,466 - build_posterior_wrapper took 0.001022 seconds
2025-12-17 08:46:47,467 - TPE using 3/3 trials with best loss -0.524685
2025-12-17 08:48:01,934 - build_posterior_wrapper took 0.000525 seconds
2025-12-17 08:48:01,934 - TPE using 4/4 trials with best loss -0.524685
2025-12-17 08:48:05,376 - build_posterior_wrapper took 0.000515 seconds
2025-12-17 08:48:05,376 - TPE using 5/5 trials with best loss -0.524685
2025-12-17 08:49:39,171 - build_posterior_wrapper took 0.000515 seconds
2025-12-17 08:49:39,171 - TPE using 6/6 trials with best loss -0.524685
2025-12-17 08:51:10,169 - build_posterior_wrapper took 0.000512 seconds
2025-12-17 08:51:10,169 - TPE using 7/7 trials with best loss -0.524685
2025-12-17 08:51:15,936 - build_posterior_wrapper took 0.000515 seconds
2025-12-17 08:51:15,937 - TPE using 8/8 trials with best loss -0.525746
2025-12-17 08:51:20,021 - build_posterior_wrapper took 0.000560 seconds
2025-12-17 08:51:20,021 - TPE using 9/9 trials with best loss -0.525746
2025-12-17 08:52:05,788 - build_posterior_wrapper took 0.000760 seconds
2025-12-17 08:52:05,789 - TPE using 10/10 trials with best loss -0.525746
2025-12-17 08:52:09,713 - build_posterior_wrapper took 0.000498 seconds
2025-12-17 08:52:09,714 - TPE using 11/11 trials with best loss -0.525746
2025-12-17 08:53:44,433 - build_posterior_wrapper took 0.000568 seconds
2025-12-17 08:53:44,433 - TPE using 12/12 trials with best loss -0.525746
2025-12-17 08:53:48,968 - build_posterior_wrapper took 0.002008 seconds
2025-12-17 08:53:48,968 - TPE using 13/13 trials with best loss -0.525746
2025-12-17 08:54:16,150 - build_posterior_wrapper took 0.000549 seconds
2025-12-17 08:54:16,151 - TPE using 14/14 trials with best loss -0.525746
2025-12-17 08:55:07,790 - build_posterior_wrapper took 0.000524 seconds
2025-12-17 08:55:07,791 - TPE using 15/15 trials with best loss -0.525746
2025-12-17 08:55:12,104 - build_posterior_wrapper took 0.000522 seconds
2025-12-17 08:55:12,105 - TPE using 16/16 trials with best loss -0.525746
2025-12-17 08:58:02,080 - Model Class: LogisticRegression
2025-12-17 08:58:02,080 - Hyperparameter Space: {'C': <hyperopt.pyll.base.Apply object at 0x77767edcb110>, 'penalty': <hyperopt.pyll.base.Apply object at 0x77767ee130b0>, 'solver': <hyperopt.pyll.base.Apply object at 0x77767ee19f50>, 'max_iter': <hyperopt.pyll.base.Apply object at 0x77767f01fe30>, 'random_state': 42}
2025-12-17 08:58:02,084 - build_posterior_wrapper took 0.000528 seconds
2025-12-17 08:58:02,084 - TPE using 0 trials
2025-12-17 08:58:07,928 - build_posterior_wrapper took 0.000736 seconds
2025-12-17 08:58:07,929 - TPE using 1/1 trials with best loss -0.646734
2025-12-17 08:58:57,653 - build_posterior_wrapper took 0.000513 seconds
2025-12-17 08:58:57,653 - TPE using 2/2 trials with best loss -0.646734
2025-12-17 08:59:02,606 - build_posterior_wrapper took 0.000522 seconds
2025-12-17 08:59:02,606 - TPE using 3/3 trials with best loss -0.646734
2025-12-17 09:00:17,311 - build_posterior_wrapper took 0.000526 seconds
2025-12-17 09:00:17,311 - TPE using 4/4 trials with best loss -0.646734
2025-12-17 09:00:23,194 - build_posterior_wrapper took 0.000565 seconds
2025-12-17 09:00:23,195 - TPE using 5/5 trials with best loss -0.646734
2025-12-17 09:02:05,476 - build_posterior_wrapper took 0.000524 seconds
2025-12-17 09:02:05,477 - TPE using 6/6 trials with best loss -0.646734
2025-12-17 09:03:48,052 - build_posterior_wrapper took 0.000528 seconds
2025-12-17 09:03:48,052 - TPE using 7/7 trials with best loss -0.646734
2025-12-17 09:03:53,932 - build_posterior_wrapper took 0.000882 seconds
2025-12-17 09:03:53,932 - TPE using 8/8 trials with best loss -0.646734
2025-12-17 09:04:00,612 - build_posterior_wrapper took 0.000539 seconds
2025-12-17 09:04:00,613 - TPE using 9/9 trials with best loss -0.646734
2025-12-17 09:04:51,546 - build_posterior_wrapper took 0.000523 seconds
2025-12-17 09:04:51,547 - TPE using 10/10 trials with best loss -0.646734
2025-12-17 09:04:57,170 - build_posterior_wrapper took 0.000523 seconds
2025-12-17 09:04:57,171 - TPE using 11/11 trials with best loss -0.646734
2025-12-17 09:06:32,673 - build_posterior_wrapper took 0.000613 seconds
2025-12-17 09:06:32,673 - TPE using 12/12 trials with best loss -0.646734
2025-12-17 09:06:38,347 - build_posterior_wrapper took 0.000517 seconds
2025-12-17 09:06:38,348 - TPE using 13/13 trials with best loss -0.646734
2025-12-17 09:07:03,632 - build_posterior_wrapper took 0.000585 seconds
2025-12-17 09:07:03,633 - TPE using 14/14 trials with best loss -0.646734
2025-12-17 09:07:55,284 - build_posterior_wrapper took 0.000529 seconds
2025-12-17 09:07:55,285 - TPE using 15/15 trials with best loss -0.646734
2025-12-17 09:08:01,552 - build_posterior_wrapper took 0.000641 seconds
2025-12-17 09:08:01,553 - TPE using 16/16 trials with best loss -0.646734
2025-12-17 09:10:01,092 - build_posterior_wrapper took 0.000685 seconds
2025-12-17 09:10:01,092 - TPE using 17/17 trials with best loss -0.646734
2025-12-17 09:11:16,934 - build_posterior_wrapper took 0.001149 seconds
2025-12-17 09:11:16,935 - TPE using 18/18 trials with best loss -0.646734
2025-12-17 09:12:53,959 - build_posterior_wrapper took 0.000932 seconds
2025-12-17 09:12:53,961 - TPE using 19/19 trials with best loss -0.646734
2025-12-17 09:13:03,368 - build_posterior_wrapper took 0.000602 seconds
2025-12-17 09:13:03,368 - TPE using 20/20 trials with best loss -0.646734
2025-12-17 09:13:13,686 - build_posterior_wrapper took 0.001106 seconds
2025-12-17 09:13:13,686 - TPE using 21/21 trials with best loss -0.646734
2025-12-17 09:13:21,102 - build_posterior_wrapper took 0.000852 seconds
2025-12-17 09:13:21,103 - TPE using 22/22 trials with best loss -0.646734
2025-12-17 09:13:30,708 - build_posterior_wrapper took 0.000699 seconds
2025-12-17 09:13:30,709 - TPE using 23/23 trials with best loss -0.646734
2025-12-17 09:13:41,018 - build_posterior_wrapper took 0.001152 seconds
2025-12-17 09:13:41,018 - TPE using 24/24 trials with best loss -0.646734
2025-12-17 09:13:48,489 - build_posterior_wrapper took 0.000812 seconds
2025-12-17 09:13:48,490 - TPE using 25/25 trials with best loss -0.647019
2025-12-17 09:13:55,746 - build_posterior_wrapper took 0.000875 seconds
2025-12-17 09:13:55,746 - TPE using 26/26 trials with best loss -0.647019
2025-12-17 09:14:03,901 - build_posterior_wrapper took 0.000607 seconds
2025-12-17 09:14:03,902 - TPE using 27/27 trials with best loss -0.647019
2025-12-17 09:14:13,973 - build_posterior_wrapper took 0.001611 seconds
2025-12-17 09:14:13,973 - TPE using 28/28 trials with best loss -0.647019
2025-12-17 09:14:21,446 - build_posterior_wrapper took 0.001222 seconds
2025-12-17 09:14:21,447 - TPE using 29/29 trials with best loss -0.647019
2025-12-17 09:14:29,704 - build_posterior_wrapper took 0.000705 seconds
2025-12-17 09:14:29,705 - TPE using 30/30 trials with best loss -0.647019
2025-12-17 09:14:36,943 - build_posterior_wrapper took 0.000660 seconds
2025-12-17 09:14:36,944 - TPE using 31/31 trials with best loss -0.647019
2025-12-17 09:14:46,011 - build_posterior_wrapper took 0.000669 seconds
2025-12-17 09:14:46,011 - TPE using 32/32 trials with best loss -0.647019
2025-12-17 09:14:59,056 - build_posterior_wrapper took 0.000830 seconds
2025-12-17 09:14:59,057 - TPE using 33/33 trials with best loss -0.647019
2025-12-17 09:15:08,064 - build_posterior_wrapper took 0.000895 seconds
2025-12-17 09:15:08,065 - TPE using 34/34 trials with best loss -0.647019
2025-12-17 09:15:17,247 - build_posterior_wrapper took 0.000849 seconds
2025-12-17 09:15:17,247 - TPE using 35/35 trials with best loss -0.647019
2025-12-17 09:15:27,061 - build_posterior_wrapper took 0.001575 seconds
2025-12-17 09:15:27,062 - TPE using 36/36 trials with best loss -0.647019
2025-12-17 09:15:37,254 - build_posterior_wrapper took 0.000669 seconds
2025-12-17 09:15:37,255 - TPE using 37/37 trials with best loss -0.647019
2025-12-17 09:15:47,671 - build_posterior_wrapper took 0.000892 seconds
2025-12-17 09:15:47,672 - TPE using 38/38 trials with best loss -0.653862
2025-12-17 09:15:57,409 - build_posterior_wrapper took 0.001294 seconds
2025-12-17 09:15:57,410 - TPE using 39/39 trials with best loss -0.653862
2025-12-17 09:16:11,535 - build_posterior_wrapper took 0.001143 seconds
2025-12-17 09:16:11,536 - TPE using 40/40 trials with best loss -0.653862
2025-12-17 09:16:20,928 - build_posterior_wrapper took 0.000651 seconds
2025-12-17 09:16:20,928 - TPE using 41/41 trials with best loss -0.653862
2025-12-17 09:16:31,392 - build_posterior_wrapper took 0.000658 seconds
2025-12-17 09:16:31,392 - TPE using 42/42 trials with best loss -0.653862
2025-12-17 09:17:15,370 - build_posterior_wrapper took 0.000779 seconds
2025-12-17 09:17:15,371 - TPE using 43/43 trials with best loss -0.653862
2025-12-17 09:17:25,534 - build_posterior_wrapper took 0.000722 seconds
2025-12-17 09:17:25,535 - TPE using 44/44 trials with best loss -0.653862
2025-12-17 09:17:32,910 - build_posterior_wrapper took 0.000531 seconds
2025-12-17 09:17:32,910 - TPE using 45/45 trials with best loss -0.653862
2025-12-17 09:18:53,120 - build_posterior_wrapper took 0.000759 seconds
2025-12-17 09:18:53,120 - TPE using 46/46 trials with best loss -0.653862
2025-12-17 09:19:03,984 - build_posterior_wrapper took 0.000818 seconds
2025-12-17 09:19:03,984 - TPE using 47/47 trials with best loss -0.653862
2025-12-17 09:19:45,010 - build_posterior_wrapper took 0.000774 seconds
2025-12-17 09:19:45,011 - TPE using 48/48 trials with best loss -0.653862
2025-12-17 09:19:54,765 - build_posterior_wrapper took 0.001492 seconds
2025-12-17 09:19:54,766 - TPE using 49/49 trials with best loss -0.653862
2025-12-17 09:21:16,218 - Best Hyperparameters: {'C': 42.82079369645356, 'max_iter': 100, 'penalty': 'l2', 'random_state': 42, 'solver': 'lbfgs'}
2025-12-17 09:21:16,220 - Best Validation Score: 0.6538624374165818
2025-12-17 09:22:53,210 - Model Class: RandomForestClassifier
2025-12-17 09:22:53,210 - Hyperparameter Space: {'n_estimators': <hyperopt.pyll.base.Apply object at 0x748365a6b110>, 'max_depth': <hyperopt.pyll.base.Apply object at 0x748365ab30b0>, 'min_samples_split': <hyperopt.pyll.base.Apply object at 0x748365ab9f50>, 'min_samples_leaf': <hyperopt.pyll.base.Apply object at 0x748365cbbe30>, 'bootstrap': <hyperopt.pyll.base.Apply object at 0x748365a5e750>, 'random_state': 42}
2025-12-17 09:22:53,216 - build_posterior_wrapper took 0.000901 seconds
2025-12-17 09:22:53,216 - TPE using 0 trials
2025-12-17 09:24:31,704 - build_posterior_wrapper took 0.000945 seconds
2025-12-17 09:24:31,705 - TPE using 1/1 trials with best loss -0.737690
2025-12-17 09:30:34,276 - Model Class: RandomForestClassifier
2025-12-17 09:30:34,277 - Hyperparameter Space: {'n_estimators': <hyperopt.pyll.base.Apply object at 0x72cb4802f110>, 'max_depth': <hyperopt.pyll.base.Apply object at 0x72cb480770b0>, 'min_samples_split': <hyperopt.pyll.base.Apply object at 0x72cb4807df50>, 'min_samples_leaf': <hyperopt.pyll.base.Apply object at 0x72cb4827fe30>, 'bootstrap': <hyperopt.pyll.base.Apply object at 0x72cb4802a5b0>, 'random_state': 42, 'class_weight': <hyperopt.pyll.base.Apply object at 0x72cb47d71860>}
2025-12-17 09:30:34,285 - build_posterior_wrapper took 0.001390 seconds
2025-12-17 09:30:34,285 - TPE using 0 trials
2025-12-17 09:32:50,556 - build_posterior_wrapper took 0.001261 seconds
2025-12-17 09:32:50,557 - TPE using 1/1 trials with best loss -0.726854
2025-12-17 09:43:21,581 - build_posterior_wrapper took 0.002123 seconds
2025-12-17 09:43:21,582 - TPE using 2/2 trials with best loss -0.739489
2025-12-17 09:45:35,545 - build_posterior_wrapper took 0.001135 seconds
2025-12-17 09:45:35,545 - TPE using 3/3 trials with best loss -0.739489
2025-12-17 09:51:44,357 - build_posterior_wrapper took 0.001937 seconds
2025-12-17 09:51:44,358 - TPE using 4/4 trials with best loss -0.771916
2025-12-17 09:54:58,032 - build_posterior_wrapper took 0.000883 seconds
2025-12-17 09:54:58,033 - TPE using 5/5 trials with best loss -0.771916
2025-12-17 10:00:25,668 - build_posterior_wrapper took 0.001163 seconds
2025-12-17 10:00:25,668 - TPE using 6/6 trials with best loss -0.771916
2025-12-17 10:06:41,448 - build_posterior_wrapper took 0.001485 seconds
2025-12-17 10:06:41,449 - TPE using 7/7 trials with best loss -0.771916
2025-12-17 10:12:39,027 - build_posterior_wrapper took 0.001341 seconds
2025-12-17 10:12:39,027 - TPE using 8/8 trials with best loss -0.771916
2025-12-17 10:14:09,038 - build_posterior_wrapper took 0.000828 seconds
2025-12-17 10:14:09,038 - TPE using 9/9 trials with best loss -0.771916
2025-12-17 10:20:32,721 - build_posterior_wrapper took 0.001060 seconds
2025-12-17 10:20:32,722 - TPE using 10/10 trials with best loss -0.771916
2025-12-17 10:21:56,067 - build_posterior_wrapper took 0.001329 seconds
2025-12-17 10:21:56,067 - TPE using 11/11 trials with best loss -0.771916
2025-12-17 10:28:21,049 - build_posterior_wrapper took 0.001318 seconds
2025-12-17 10:28:21,051 - TPE using 12/12 trials with best loss -0.771916
2025-12-17 10:32:29,599 - build_posterior_wrapper took 0.001779 seconds
2025-12-17 10:32:29,599 - TPE using 13/13 trials with best loss -0.771916
2025-12-17 10:37:31,553 - build_posterior_wrapper took 0.001416 seconds
2025-12-17 10:37:31,554 - TPE using 14/14 trials with best loss -0.771916
2025-12-17 10:42:01,066 - build_posterior_wrapper took 0.001372 seconds
2025-12-17 10:42:01,067 - TPE using 15/15 trials with best loss -0.771916
2025-12-17 10:43:29,537 - build_posterior_wrapper took 0.001747 seconds
2025-12-17 10:43:29,537 - TPE using 16/16 trials with best loss -0.771916
2025-12-17 10:51:32,546 - build_posterior_wrapper took 0.000944 seconds
2025-12-17 10:51:32,547 - TPE using 17/17 trials with best loss -0.771916
2025-12-17 10:55:11,877 - build_posterior_wrapper took 0.001075 seconds
2025-12-17 10:55:11,878 - TPE using 18/18 trials with best loss -0.771916
2025-12-17 11:01:51,572 - build_posterior_wrapper took 0.000907 seconds
2025-12-17 11:01:51,572 - TPE using 19/19 trials with best loss -0.771916
2025-12-17 11:03:25,685 - build_posterior_wrapper took 0.000839 seconds
2025-12-17 11:03:25,685 - TPE using 20/20 trials with best loss -0.771916
2025-12-17 11:07:57,068 - build_posterior_wrapper took 0.000811 seconds
2025-12-17 11:07:57,068 - TPE using 21/21 trials with best loss -0.772401
2025-12-17 11:12:23,649 - build_posterior_wrapper took 0.000840 seconds
2025-12-17 11:12:23,649 - TPE using 22/22 trials with best loss -0.772401
2025-12-17 11:16:49,856 - build_posterior_wrapper took 0.000896 seconds
2025-12-17 11:16:49,857 - TPE using 23/23 trials with best loss -0.772401
2025-12-17 11:21:12,805 - build_posterior_wrapper took 0.000805 seconds
2025-12-17 11:21:12,805 - TPE using 24/24 trials with best loss -0.772401
2025-12-17 11:25:36,980 - build_posterior_wrapper took 0.000771 seconds
2025-12-17 11:25:36,980 - TPE using 25/25 trials with best loss -0.772401
2025-12-17 11:27:48,703 - build_posterior_wrapper took 0.000785 seconds
2025-12-17 11:27:48,704 - TPE using 26/26 trials with best loss -0.772401
2025-12-17 11:32:13,219 - build_posterior_wrapper took 0.000854 seconds
2025-12-17 11:32:13,219 - TPE using 27/27 trials with best loss -0.772401
2025-12-17 11:36:36,936 - build_posterior_wrapper took 0.000917 seconds
2025-12-17 11:36:36,937 - TPE using 28/28 trials with best loss -0.772401
2025-12-17 11:41:00,404 - build_posterior_wrapper took 0.001018 seconds
2025-12-17 11:41:00,404 - TPE using 29/29 trials with best loss -0.772401
2025-12-17 11:46:55,388 - build_posterior_wrapper took 0.001053 seconds
2025-12-17 11:46:55,388 - TPE using 30/30 trials with best loss -0.772401
2025-12-17 11:49:56,054 - build_posterior_wrapper took 0.000795 seconds
2025-12-17 11:49:56,055 - TPE using 31/31 trials with best loss -0.772401
2025-12-17 11:53:12,973 - build_posterior_wrapper took 0.000874 seconds
2025-12-17 11:53:12,973 - TPE using 32/32 trials with best loss -0.772401
2025-12-17 11:57:37,657 - build_posterior_wrapper took 0.000752 seconds
2025-12-17 11:57:37,657 - TPE using 33/33 trials with best loss -0.772401
2025-12-17 12:05:16,910 - build_posterior_wrapper took 0.000779 seconds
2025-12-17 12:05:16,911 - TPE using 34/34 trials with best loss -0.772401
2025-12-17 12:09:47,388 - build_posterior_wrapper took 0.001036 seconds
2025-12-17 12:09:47,389 - TPE using 35/35 trials with best loss -0.772401
2025-12-17 12:14:11,569 - build_posterior_wrapper took 0.000793 seconds
2025-12-17 12:14:11,570 - TPE using 36/36 trials with best loss -0.772401
2025-12-17 12:17:11,710 - build_posterior_wrapper took 0.000788 seconds
2025-12-17 12:17:11,711 - TPE using 37/37 trials with best loss -0.772401
2025-12-17 12:20:33,137 - build_posterior_wrapper took 0.000964 seconds
2025-12-17 12:20:33,138 - TPE using 38/38 trials with best loss -0.772401
2025-12-17 12:26:52,797 - build_posterior_wrapper took 0.000763 seconds
2025-12-17 12:26:52,798 - TPE using 39/39 trials with best loss -0.772401
2025-12-17 12:28:26,284 - build_posterior_wrapper took 0.000871 seconds
2025-12-17 12:28:26,284 - TPE using 40/40 trials with best loss -0.772401
2025-12-17 12:33:41,070 - build_posterior_wrapper took 0.000781 seconds
2025-12-17 12:33:41,071 - TPE using 41/41 trials with best loss -0.794205
2025-12-17 12:44:04,855 - build_posterior_wrapper took 0.001977 seconds
2025-12-17 12:44:04,856 - TPE using 42/42 trials with best loss -0.794205
2025-12-17 12:55:25,289 - build_posterior_wrapper took 0.001205 seconds
2025-12-17 12:55:25,289 - TPE using 43/43 trials with best loss -0.794205
2025-12-17 13:06:05,926 - build_posterior_wrapper took 0.001015 seconds
2025-12-17 13:06:05,927 - TPE using 44/44 trials with best loss -0.794205
2025-12-17 13:16:36,745 - build_posterior_wrapper took 0.001570 seconds
2025-12-17 13:16:36,746 - TPE using 45/45 trials with best loss -0.794205
2025-12-17 13:24:37,236 - build_posterior_wrapper took 0.001732 seconds
2025-12-17 13:24:37,237 - TPE using 46/46 trials with best loss -0.794205
2025-12-17 13:35:35,261 - build_posterior_wrapper took 0.001241 seconds
2025-12-17 13:35:35,262 - TPE using 47/47 trials with best loss -0.794205
2025-12-17 13:43:39,721 - build_posterior_wrapper took 0.001542 seconds
2025-12-17 13:43:39,721 - TPE using 48/48 trials with best loss -0.794205
2025-12-17 13:54:50,660 - build_posterior_wrapper took 0.001055 seconds
2025-12-17 13:54:50,661 - TPE using 49/49 trials with best loss -0.794205
2025-12-17 14:02:55,324 - Best Hyperparameters: {'bootstrap': False, 'class_weight': None, 'max_depth': 10, 'min_samples_leaf': 4, 'min_samples_split': 5, 'n_estimators': 500, 'random_state': 42}
2025-12-17 14:02:55,325 - Best Validation Score: 0.7942047404076351
2025-12-17 14:10:00,958 - Final Test Score: 0.8189179685671876
2025-12-17 14:10:06,498 - Model Class: LogisticRegression
2025-12-17 14:10:06,499 - Hyperparameter Space: {'C': <hyperopt.pyll.base.Apply object at 0x72cb39132ed0>, 'penalty': <hyperopt.pyll.base.Apply object at 0x72cb39133150>, 'solver': <hyperopt.pyll.base.Apply object at 0x72cb39133950>, 'max_iter': <hyperopt.pyll.base.Apply object at 0x72cb391281d0>, 'random_state': 42, 'class_weight': <hyperopt.pyll.base.Apply object at 0x72cb39122250>, 'normalize': <hyperopt.pyll.base.Apply object at 0x72cb39120450>}
2025-12-17 14:10:06,506 - build_posterior_wrapper took 0.001300 seconds
2025-12-17 14:10:06,506 - TPE using 0 trials
2025-12-17 14:10:06,508 - job exception: LogisticRegression.__init__() got an unexpected keyword argument 'normalize'
2025-12-17 14:30:19,588 - Model Class: RandomForestClassifier
2025-12-17 14:30:19,588 - Hyperparameter Space: {'n_estimators': <hyperopt.pyll.base.Apply object at 0x756e88f27110>, 'max_depth': <hyperopt.pyll.base.Apply object at 0x756e88f6f0b0>, 'min_samples_split': <hyperopt.pyll.base.Apply object at 0x756e88f79f50>, 'min_samples_leaf': <hyperopt.pyll.base.Apply object at 0x756e89177e30>, 'bootstrap': <hyperopt.pyll.base.Apply object at 0x756e88f225b0>, 'random_state': 42, 'class_weight': <hyperopt.pyll.base.Apply object at 0x756e88c71860>}
2025-12-17 14:30:19,595 - build_posterior_wrapper took 0.001129 seconds
2025-12-17 14:30:19,595 - TPE using 0 trials
2025-12-17 14:30:46,127 - build_posterior_wrapper took 0.000836 seconds
2025-12-17 14:30:46,127 - TPE using 1/1 trials with best loss -0.726854
2025-12-17 14:32:51,413 - build_posterior_wrapper took 0.000840 seconds
2025-12-17 14:32:51,414 - TPE using 2/2 trials with best loss -0.739489
2025-12-17 14:33:18,193 - build_posterior_wrapper took 0.000779 seconds
2025-12-17 14:33:18,194 - TPE using 3/3 trials with best loss -0.739489
2025-12-17 14:34:34,426 - build_posterior_wrapper took 0.000895 seconds
2025-12-17 14:34:34,426 - TPE using 4/4 trials with best loss -0.771916
2025-12-17 14:35:13,926 - build_posterior_wrapper took 0.000895 seconds
2025-12-17 14:35:13,927 - TPE using 5/5 trials with best loss -0.771916
2025-12-17 14:36:20,557 - build_posterior_wrapper took 0.000776 seconds
2025-12-17 14:36:20,557 - TPE using 6/6 trials with best loss -0.771916
2025-12-17 14:37:37,557 - build_posterior_wrapper took 0.000837 seconds
2025-12-17 14:37:37,557 - TPE using 7/7 trials with best loss -0.771916
2025-12-17 14:38:53,868 - build_posterior_wrapper took 0.000775 seconds
2025-12-17 14:38:53,869 - TPE using 8/8 trials with best loss -0.771916
2025-12-17 14:39:13,861 - build_posterior_wrapper took 0.000816 seconds
2025-12-17 14:39:13,861 - TPE using 9/9 trials with best loss -0.771916
2025-12-17 14:40:35,446 - build_posterior_wrapper took 0.000781 seconds
2025-12-17 14:40:35,446 - TPE using 10/10 trials with best loss -0.771916
2025-12-17 14:40:52,917 - build_posterior_wrapper took 0.000944 seconds
2025-12-17 14:40:52,918 - TPE using 11/11 trials with best loss -0.771916
2025-12-17 14:42:16,294 - build_posterior_wrapper took 0.000822 seconds
2025-12-17 14:42:16,294 - TPE using 12/12 trials with best loss -0.771916
2025-12-17 14:43:07,562 - build_posterior_wrapper took 0.000805 seconds
2025-12-17 14:43:07,563 - TPE using 13/13 trials with best loss -0.771916
2025-12-17 14:44:13,270 - build_posterior_wrapper took 0.000924 seconds
2025-12-17 14:44:13,271 - TPE using 14/14 trials with best loss -0.771916
2025-12-17 14:45:11,640 - build_posterior_wrapper took 0.000853 seconds
2025-12-17 14:45:11,641 - TPE using 15/15 trials with best loss -0.771916
2025-12-17 14:45:31,582 - build_posterior_wrapper took 0.000878 seconds
2025-12-17 14:45:31,582 - TPE using 16/16 trials with best loss -0.771916
2025-12-17 14:47:16,688 - build_posterior_wrapper took 0.000800 seconds
2025-12-17 14:47:16,689 - TPE using 17/17 trials with best loss -0.771916
2025-12-17 14:48:06,624 - build_posterior_wrapper took 0.000769 seconds
2025-12-17 14:48:06,625 - TPE using 18/18 trials with best loss -0.771916
2025-12-17 14:49:44,782 - build_posterior_wrapper took 0.001100 seconds
2025-12-17 14:49:44,783 - TPE using 19/19 trials with best loss -0.771916
2025-12-17 14:50:10,534 - build_posterior_wrapper took 0.000785 seconds
2025-12-17 14:50:10,534 - TPE using 20/20 trials with best loss -0.771916
2025-12-17 14:51:25,591 - build_posterior_wrapper took 0.000903 seconds
2025-12-17 14:51:25,591 - TPE using 21/21 trials with best loss -0.772401
2025-12-17 14:52:41,107 - build_posterior_wrapper took 0.000832 seconds
2025-12-17 14:52:41,107 - TPE using 22/22 trials with best loss -0.772401
2025-12-17 14:53:55,652 - build_posterior_wrapper took 0.000943 seconds
2025-12-17 14:53:55,652 - TPE using 23/23 trials with best loss -0.772401
2025-12-17 14:55:10,722 - build_posterior_wrapper took 0.000791 seconds
2025-12-17 14:55:10,723 - TPE using 24/24 trials with best loss -0.772401
2025-12-17 14:56:27,500 - build_posterior_wrapper took 0.000992 seconds
2025-12-17 14:56:27,501 - TPE using 25/25 trials with best loss -0.772401
2025-12-17 14:57:05,907 - build_posterior_wrapper took 0.000942 seconds
2025-12-17 14:57:05,908 - TPE using 26/26 trials with best loss -0.772401
2025-12-17 14:58:22,754 - build_posterior_wrapper took 0.001578 seconds
2025-12-17 14:58:22,755 - TPE using 27/27 trials with best loss -0.772401
2025-12-17 14:59:40,923 - build_posterior_wrapper took 0.001160 seconds
2025-12-17 14:59:40,923 - TPE using 28/28 trials with best loss -0.772401
2025-12-17 15:00:56,067 - build_posterior_wrapper took 0.000855 seconds
2025-12-17 15:00:56,067 - TPE using 29/29 trials with best loss -0.772401
2025-12-17 15:02:32,281 - build_posterior_wrapper took 0.000881 seconds
2025-12-17 15:02:32,282 - TPE using 30/30 trials with best loss -0.772401
2025-12-17 15:03:25,014 - build_posterior_wrapper took 0.000962 seconds
2025-12-17 15:03:25,014 - TPE using 31/31 trials with best loss -0.772401
2025-12-17 15:04:24,597 - build_posterior_wrapper took 0.001020 seconds
2025-12-17 15:04:24,598 - TPE using 32/32 trials with best loss -0.772401
2025-12-17 15:05:40,546 - build_posterior_wrapper took 0.001151 seconds
2025-12-17 15:05:40,547 - TPE using 33/33 trials with best loss -0.772401
2025-12-17 15:07:48,131 - build_posterior_wrapper took 0.000807 seconds
2025-12-17 15:07:48,132 - TPE using 34/34 trials with best loss -0.772401
2025-12-17 15:09:07,951 - build_posterior_wrapper took 0.000769 seconds
2025-12-17 15:09:07,951 - TPE using 35/35 trials with best loss -0.772401
2025-12-17 15:10:36,294 - build_posterior_wrapper took 0.002362 seconds
2025-12-17 15:10:36,295 - TPE using 36/36 trials with best loss -0.772401
2025-12-17 15:12:02,562 - build_posterior_wrapper took 0.001446 seconds
2025-12-17 15:12:02,563 - TPE using 37/37 trials with best loss -0.772401
2025-12-17 15:13:25,894 - build_posterior_wrapper took 0.001252 seconds
2025-12-17 15:13:25,894 - TPE using 38/38 trials with best loss -0.772401
2025-12-17 15:15:42,213 - build_posterior_wrapper took 0.001291 seconds
2025-12-17 15:15:42,213 - TPE using 39/39 trials with best loss -0.772401
2025-12-17 15:16:18,381 - build_posterior_wrapper took 0.001224 seconds
2025-12-17 15:16:18,382 - TPE using 40/40 trials with best loss -0.772401
2025-12-17 15:18:16,349 - build_posterior_wrapper took 0.001397 seconds
2025-12-17 15:18:16,350 - TPE using 41/41 trials with best loss -0.794205
2025-12-17 15:21:18,144 - build_posterior_wrapper took 0.001145 seconds
2025-12-17 15:21:18,145 - TPE using 42/42 trials with best loss -0.794205
2025-12-17 15:24:18,172 - build_posterior_wrapper took 0.001491 seconds
2025-12-17 15:24:18,173 - TPE using 43/43 trials with best loss -0.794205
2025-12-17 15:27:14,336 - build_posterior_wrapper took 0.001701 seconds
2025-12-17 15:27:14,337 - TPE using 44/44 trials with best loss -0.794205
2025-12-17 15:30:07,306 - build_posterior_wrapper took 0.000857 seconds
2025-12-17 15:30:07,307 - TPE using 45/45 trials with best loss -0.794205
2025-12-17 15:32:19,826 - build_posterior_wrapper took 0.001227 seconds
2025-12-17 15:32:19,827 - TPE using 46/46 trials with best loss -0.794205
2025-12-17 15:35:11,385 - build_posterior_wrapper took 0.001239 seconds
2025-12-17 15:35:11,385 - TPE using 47/47 trials with best loss -0.794205
2025-12-17 15:37:24,209 - build_posterior_wrapper took 0.001742 seconds
2025-12-17 15:37:24,209 - TPE using 48/48 trials with best loss -0.794205
2025-12-17 15:40:19,126 - build_posterior_wrapper took 0.001036 seconds
2025-12-17 15:40:19,127 - TPE using 49/49 trials with best loss -0.794205
2025-12-17 15:42:39,558 - Best Hyperparameters: {'bootstrap': False, 'class_weight': None, 'max_depth': 10, 'min_samples_leaf': 4, 'min_samples_split': 5, 'n_estimators': 500, 'random_state': 42}
2025-12-17 15:42:39,558 - Best Validation Score: 0.7942047404076351
2025-12-17 15:49:17,275 - Final Test Score: 0.8189179685671876
2025-12-17 15:49:23,016 - Model Class: LogisticRegression
2025-12-17 15:49:23,017 - Hyperparameter Space: {'C': <hyperopt.pyll.base.Apply object at 0x756e79d199d0>, 'penalty': <hyperopt.pyll.base.Apply object at 0x756e79d12850>, 'solver': <hyperopt.pyll.base.Apply object at 0x756e79d0a1d0>, 'max_iter': <hyperopt.pyll.base.Apply object at 0x756e79d5bdd0>, 'random_state': 42, 'class_weight': <hyperopt.pyll.base.Apply object at 0x756e79d58dd0>, 'normalize': <hyperopt.pyll.base.Apply object at 0x756e79d58e50>}
2025-12-17 15:49:23,024 - build_posterior_wrapper took 0.001185 seconds
2025-12-17 15:49:23,025 - TPE using 0 trials
2025-12-17 15:49:23,026 - job exception: LogisticRegression.__init__() got an unexpected keyword argument 'normalize'
2025-12-17 16:17:52,367 - Model Class: RandomForestClassifier
2025-12-17 16:17:52,368 - Hyperparameter Space: {'n_estimators': <hyperopt.pyll.base.Apply object at 0x7dd63891b110>, 'max_depth': <hyperopt.pyll.base.Apply object at 0x7dd63895f0b0>, 'min_samples_split': <hyperopt.pyll.base.Apply object at 0x7dd638969f50>, 'min_samples_leaf': <hyperopt.pyll.base.Apply object at 0x7dd638b6be30>, 'bootstrap': <hyperopt.pyll.base.Apply object at 0x7dd6389165b0>, 'random_state': 42, 'class_weight': <hyperopt.pyll.base.Apply object at 0x7dd6389b5860>}
2025-12-17 16:17:52,374 - build_posterior_wrapper took 0.000860 seconds
2025-12-17 16:17:52,374 - TPE using 0 trials
2025-12-17 16:18:18,525 - build_posterior_wrapper took 0.000790 seconds
2025-12-17 16:18:18,526 - TPE using 1/1 trials with best loss -0.726854
2025-12-17 16:20:22,442 - build_posterior_wrapper took 0.000778 seconds
2025-12-17 16:20:22,443 - TPE using 2/2 trials with best loss -0.739489
2025-12-17 16:20:48,665 - build_posterior_wrapper took 0.000959 seconds
2025-12-17 16:20:48,665 - TPE using 3/3 trials with best loss -0.739489
2025-12-17 16:22:03,104 - build_posterior_wrapper took 0.001032 seconds
2025-12-17 16:22:03,105 - TPE using 4/4 trials with best loss -0.771916
2025-12-17 16:22:42,525 - build_posterior_wrapper took 0.000781 seconds
2025-12-17 16:22:42,525 - TPE using 5/5 trials with best loss -0.771916
2025-12-17 16:23:49,502 - build_posterior_wrapper took 0.000787 seconds
2025-12-17 16:23:49,502 - TPE using 6/6 trials with best loss -0.771916
2025-12-17 16:25:06,900 - build_posterior_wrapper took 0.000784 seconds
2025-12-17 16:25:06,901 - TPE using 7/7 trials with best loss -0.771916
2025-12-17 16:26:23,547 - build_posterior_wrapper took 0.000823 seconds
2025-12-17 16:26:23,548 - TPE using 8/8 trials with best loss -0.771916
2025-12-17 16:26:43,696 - build_posterior_wrapper took 0.001350 seconds
2025-12-17 16:26:43,697 - TPE using 9/9 trials with best loss -0.771916
2025-12-17 16:28:06,137 - build_posterior_wrapper took 0.000790 seconds
2025-12-17 16:28:06,137 - TPE using 10/10 trials with best loss -0.771916
2025-12-17 16:28:23,968 - build_posterior_wrapper took 0.000809 seconds
2025-12-17 16:28:23,969 - TPE using 11/11 trials with best loss -0.771916
2025-12-17 16:29:47,826 - build_posterior_wrapper took 0.000820 seconds
2025-12-17 16:29:47,827 - TPE using 12/12 trials with best loss -0.771916
2025-12-17 16:30:39,697 - build_posterior_wrapper took 0.000854 seconds
2025-12-17 16:30:39,697 - TPE using 13/13 trials with best loss -0.771916
2025-12-17 16:31:46,087 - build_posterior_wrapper took 0.000759 seconds
2025-12-17 16:31:46,087 - TPE using 14/14 trials with best loss -0.771916
2025-12-17 16:32:45,138 - build_posterior_wrapper took 0.000903 seconds
2025-12-17 16:32:45,139 - TPE using 15/15 trials with best loss -0.771916
2025-12-17 16:33:05,186 - build_posterior_wrapper took 0.000814 seconds
2025-12-17 16:33:05,186 - TPE using 16/16 trials with best loss -0.771916
2025-12-17 16:34:47,780 - build_posterior_wrapper took 0.000853 seconds
2025-12-17 16:34:47,780 - TPE using 17/17 trials with best loss -0.771916
2025-12-17 16:35:37,699 - build_posterior_wrapper took 0.000786 seconds
2025-12-17 16:35:37,700 - TPE using 18/18 trials with best loss -0.771916
2025-12-17 16:37:14,709 - build_posterior_wrapper took 0.000781 seconds
2025-12-17 16:37:14,709 - TPE using 19/19 trials with best loss -0.771916
2025-12-17 16:37:39,771 - build_posterior_wrapper took 0.000817 seconds
2025-12-17 16:37:39,771 - TPE using 20/20 trials with best loss -0.771916
2025-12-17 16:38:53,222 - build_posterior_wrapper took 0.000757 seconds
2025-12-17 16:38:53,222 - TPE using 21/21 trials with best loss -0.772401
2025-12-17 16:40:07,328 - build_posterior_wrapper took 0.000776 seconds
2025-12-17 16:40:07,328 - TPE using 22/22 trials with best loss -0.772401
2025-12-17 16:41:20,799 - build_posterior_wrapper took 0.000814 seconds
2025-12-17 16:41:20,799 - TPE using 23/23 trials with best loss -0.772401
2025-12-17 16:42:34,261 - build_posterior_wrapper took 0.001136 seconds
2025-12-17 16:42:34,261 - TPE using 24/24 trials with best loss -0.772401
2025-12-17 16:43:48,128 - build_posterior_wrapper took 0.000746 seconds
2025-12-17 16:43:48,129 - TPE using 25/25 trials with best loss -0.772401
2025-12-17 16:44:25,746 - build_posterior_wrapper took 0.000914 seconds
2025-12-17 16:44:25,747 - TPE using 26/26 trials with best loss -0.772401
2025-12-17 16:45:39,727 - build_posterior_wrapper took 0.000770 seconds
2025-12-17 16:45:39,727 - TPE using 27/27 trials with best loss -0.772401
2025-12-17 16:46:57,579 - build_posterior_wrapper took 0.000962 seconds
2025-12-17 16:46:57,579 - TPE using 28/28 trials with best loss -0.772401
2025-12-17 16:48:13,399 - build_posterior_wrapper took 0.000752 seconds
2025-12-17 16:48:13,400 - TPE using 29/29 trials with best loss -0.772401
2025-12-17 16:49:49,313 - build_posterior_wrapper took 0.000835 seconds
2025-12-17 16:49:49,313 - TPE using 30/30 trials with best loss -0.772401
2025-12-17 16:50:38,636 - build_posterior_wrapper took 0.000758 seconds
2025-12-17 16:50:38,636 - TPE using 31/31 trials with best loss -0.772401
2025-12-17 16:51:34,779 - build_posterior_wrapper took 0.000781 seconds
2025-12-17 16:51:34,779 - TPE using 32/32 trials with best loss -0.772401
2025-12-17 16:52:50,020 - build_posterior_wrapper took 0.000796 seconds
2025-12-17 16:52:50,020 - TPE using 33/33 trials with best loss -0.772401
2025-12-17 16:54:56,681 - build_posterior_wrapper took 0.000796 seconds
2025-12-17 16:54:56,681 - TPE using 34/34 trials with best loss -0.772401
2025-12-17 16:56:13,941 - build_posterior_wrapper took 0.000746 seconds
2025-12-17 16:56:13,941 - TPE using 35/35 trials with best loss -0.772401
2025-12-17 16:57:32,955 - build_posterior_wrapper took 0.000932 seconds
2025-12-17 16:57:32,956 - TPE using 36/36 trials with best loss -0.772401
2025-12-17 16:58:22,781 - build_posterior_wrapper took 0.000994 seconds
2025-12-17 16:58:22,782 - TPE using 37/37 trials with best loss -0.772401
2025-12-17 16:59:19,838 - build_posterior_wrapper took 0.000750 seconds
2025-12-17 16:59:19,838 - TPE using 38/38 trials with best loss -0.772401
2025-12-17 17:01:01,749 - build_posterior_wrapper took 0.000838 seconds
2025-12-17 17:01:01,750 - TPE using 39/39 trials with best loss -0.772401
2025-12-17 17:01:29,266 - build_posterior_wrapper took 0.000831 seconds
2025-12-17 17:01:29,266 - TPE using 40/40 trials with best loss -0.772401
2025-12-17 17:02:53,370 - build_posterior_wrapper took 0.000793 seconds
2025-12-17 17:02:53,370 - TPE using 41/41 trials with best loss -0.794205
2025-12-17 17:05:03,936 - build_posterior_wrapper took 0.000806 seconds
2025-12-17 17:05:03,936 - TPE using 42/42 trials with best loss -0.794205
2025-12-17 17:07:15,415 - build_posterior_wrapper took 0.000898 seconds
2025-12-17 17:07:15,415 - TPE using 43/43 trials with best loss -0.794205
2025-12-17 17:09:17,468 - build_posterior_wrapper took 0.000784 seconds
2025-12-17 17:09:17,468 - TPE using 44/44 trials with best loss -0.794205
2025-12-17 17:11:18,527 - build_posterior_wrapper took 0.000912 seconds
2025-12-17 17:11:18,527 - TPE using 45/45 trials with best loss -0.794205
2025-12-17 17:12:53,135 - build_posterior_wrapper took 0.000792 seconds
2025-12-17 17:12:53,135 - TPE using 46/46 trials with best loss -0.794205
2025-12-17 17:14:54,256 - build_posterior_wrapper took 0.000879 seconds
2025-12-17 17:14:54,257 - TPE using 47/47 trials with best loss -0.794205
2025-12-17 17:16:28,381 - build_posterior_wrapper took 0.000796 seconds
2025-12-17 17:16:28,381 - TPE using 48/48 trials with best loss -0.794205
2025-12-17 17:18:30,244 - build_posterior_wrapper took 0.000826 seconds
2025-12-17 17:18:30,245 - TPE using 49/49 trials with best loss -0.794205
2025-12-17 17:20:06,862 - Best Hyperparameters: {'bootstrap': False, 'class_weight': None, 'max_depth': 10, 'min_samples_leaf': 4, 'min_samples_split': 5, 'n_estimators': 500, 'random_state': 42}
2025-12-17 17:20:06,862 - Best Validation Score: 0.7942047404076351
2025-12-17 17:25:11,325 - Final Test Score: 0.8189179685671876
2025-12-17 17:25:15,475 - Model Class: LogisticRegression
2025-12-17 17:25:15,476 - Hyperparameter Space: {'C': <hyperopt.pyll.base.Apply object at 0x7dd62970fdd0>, 'penalty': <hyperopt.pyll.base.Apply object at 0x7dd629706850>, 'solver': <hyperopt.pyll.base.Apply object at 0x7dd6296fe1d0>, 'max_iter': <hyperopt.pyll.base.Apply object at 0x7dd62974cad0>, 'random_state': 42, 'class_weight': <hyperopt.pyll.base.Apply object at 0x7dd62974dfd0>, 'normalize': <hyperopt.pyll.base.Apply object at 0x7dd62974c350>}
2025-12-17 17:25:15,478 - build_posterior_wrapper took 0.000934 seconds
2025-12-17 17:25:15,479 - TPE using 0 trials
2025-12-17 17:25:15,479 - job exception: LogisticRegression.__init__() got an unexpected keyword argument 'normalize'
2025-12-19 08:12:52,718 - Model Class: RandomForestClassifier
2025-12-19 08:12:52,718 - Hyperparameter Space: {'n_estimators': <hyperopt.pyll.base.Apply object at 0x70738fddf110>, 'max_depth': <hyperopt.pyll.base.Apply object at 0x70738fe230b0>, 'min_samples_split': <hyperopt.pyll.base.Apply object at 0x70738fe31f50>, 'min_samples_leaf': <hyperopt.pyll.base.Apply object at 0x70739002fe30>, 'bootstrap': <hyperopt.pyll.base.Apply object at 0x70738fdda5b0>, 'random_state': 42, 'class_weight': <hyperopt.pyll.base.Apply object at 0x70738fe79860>}
2025-12-19 08:12:52,725 - build_posterior_wrapper took 0.000980 seconds
2025-12-19 08:12:52,725 - TPE using 0 trials
2025-12-19 08:13:23,245 - build_posterior_wrapper took 0.000791 seconds
2025-12-19 08:13:23,246 - TPE using 1/1 trials with best loss -0.726383
2025-12-19 08:15:37,034 - build_posterior_wrapper took 0.000854 seconds
2025-12-19 08:15:37,034 - TPE using 2/2 trials with best loss -0.726383
2025-12-19 08:16:07,390 - build_posterior_wrapper took 0.001051 seconds
2025-12-19 08:16:07,390 - TPE using 3/3 trials with best loss -0.726383
2025-12-19 08:17:32,835 - build_posterior_wrapper took 0.000916 seconds
2025-12-19 08:17:32,836 - TPE using 4/4 trials with best loss -0.771013
2025-12-19 08:18:17,830 - build_posterior_wrapper took 0.001028 seconds
2025-12-19 08:18:17,830 - TPE using 5/5 trials with best loss -0.771013
2025-12-19 08:19:33,045 - build_posterior_wrapper took 0.000814 seconds
2025-12-19 08:19:33,046 - TPE using 6/6 trials with best loss -0.771013
2025-12-19 08:21:03,122 - build_posterior_wrapper took 0.000805 seconds
2025-12-19 08:21:03,122 - TPE using 7/7 trials with best loss -0.771013
2025-12-19 08:22:30,369 - build_posterior_wrapper took 0.000756 seconds
2025-12-19 08:22:30,370 - TPE using 8/8 trials with best loss -0.771013
2025-12-19 08:22:53,022 - build_posterior_wrapper took 0.000796 seconds
2025-12-19 08:22:53,022 - TPE using 9/9 trials with best loss -0.771013
2025-12-19 08:24:21,270 - build_posterior_wrapper took 0.000959 seconds
2025-12-19 08:24:21,270 - TPE using 10/10 trials with best loss -0.771013
2025-12-19 08:24:39,929 - build_posterior_wrapper took 0.001117 seconds
2025-12-19 08:24:39,929 - TPE using 11/11 trials with best loss -0.771013
2025-12-19 08:26:08,721 - build_posterior_wrapper took 0.000882 seconds
2025-12-19 08:26:08,722 - TPE using 12/12 trials with best loss -0.771013
2025-12-19 08:27:07,339 - build_posterior_wrapper took 0.000802 seconds
2025-12-19 08:27:07,340 - TPE using 13/13 trials with best loss -0.771013
2025-12-19 08:28:18,615 - build_posterior_wrapper took 0.000813 seconds
2025-12-19 08:28:18,615 - TPE using 14/14 trials with best loss -0.771013
2025-12-19 08:29:24,771 - build_posterior_wrapper took 0.000796 seconds
2025-12-19 08:29:24,772 - TPE using 15/15 trials with best loss -0.771013
2025-12-19 08:29:47,446 - build_posterior_wrapper took 0.000858 seconds
2025-12-19 08:29:47,446 - TPE using 16/16 trials with best loss -0.771013
2025-12-19 08:31:42,899 - build_posterior_wrapper took 0.000812 seconds
2025-12-19 08:31:42,899 - TPE using 17/17 trials with best loss -0.771013
2025-12-19 08:32:36,141 - build_posterior_wrapper took 0.000839 seconds
2025-12-19 08:32:36,141 - TPE using 18/18 trials with best loss -0.771013
2025-12-19 08:34:25,369 - build_posterior_wrapper took 0.000812 seconds
2025-12-19 08:34:25,369 - TPE using 19/19 trials with best loss -0.771013
2025-12-19 08:34:52,280 - build_posterior_wrapper took 0.000861 seconds
2025-12-19 08:34:52,281 - TPE using 20/20 trials with best loss -0.771013
2025-12-19 08:36:11,849 - build_posterior_wrapper took 0.000760 seconds
2025-12-19 08:36:11,849 - TPE using 21/21 trials with best loss -0.771013
2025-12-19 08:37:30,994 - build_posterior_wrapper took 0.000986 seconds
2025-12-19 08:37:30,994 - TPE using 22/22 trials with best loss -0.771013
2025-12-19 08:38:50,711 - build_posterior_wrapper took 0.000824 seconds
2025-12-19 08:38:50,711 - TPE using 23/23 trials with best loss -0.771013
2025-12-19 08:40:10,566 - build_posterior_wrapper took 0.000777 seconds
2025-12-19 08:40:10,566 - TPE using 24/24 trials with best loss -0.771013
2025-12-19 08:41:30,806 - build_posterior_wrapper took 0.001258 seconds
2025-12-19 08:41:30,806 - TPE using 25/25 trials with best loss -0.771013
2025-12-19 08:42:12,053 - build_posterior_wrapper took 0.000820 seconds
2025-12-19 08:42:12,054 - TPE using 26/26 trials with best loss -0.771013
2025-12-19 08:43:31,377 - build_posterior_wrapper took 0.001014 seconds
2025-12-19 08:43:31,378 - TPE using 27/27 trials with best loss -0.771013
2025-12-19 08:44:51,001 - build_posterior_wrapper took 0.000854 seconds
2025-12-19 08:44:51,002 - TPE using 28/28 trials with best loss -0.771013
2025-12-19 08:46:10,311 - build_posterior_wrapper took 0.000856 seconds
2025-12-19 08:46:10,311 - TPE using 29/29 trials with best loss -0.771013
2025-12-19 08:47:52,471 - build_posterior_wrapper took 0.000872 seconds
2025-12-19 08:47:52,472 - TPE using 30/30 trials with best loss -0.771013
2025-12-19 08:48:53,387 - build_posterior_wrapper took 0.000924 seconds
2025-12-19 08:48:53,387 - TPE using 31/31 trials with best loss -0.771013
2025-12-19 08:49:59,849 - build_posterior_wrapper took 0.000957 seconds
2025-12-19 08:49:59,849 - TPE using 32/32 trials with best loss -0.771013
2025-12-19 08:52:20,623 - build_posterior_wrapper took 0.000828 seconds
2025-12-19 08:52:20,623 - TPE using 33/33 trials with best loss -0.771013
2025-12-19 08:53:51,135 - build_posterior_wrapper took 0.000943 seconds
2025-12-19 08:53:51,135 - TPE using 34/34 trials with best loss -0.771013
2025-12-19 08:55:18,994 - build_posterior_wrapper took 0.001492 seconds
2025-12-19 08:55:18,995 - TPE using 35/35 trials with best loss -0.771013
2025-12-19 08:57:12,176 - build_posterior_wrapper took 0.001167 seconds
2025-12-19 08:57:12,176 - TPE using 36/36 trials with best loss -0.771013
2025-12-19 08:57:56,198 - build_posterior_wrapper took 0.001327 seconds
2025-12-19 08:57:56,198 - TPE using 37/37 trials with best loss -0.771013
2025-12-19 08:59:23,828 - build_posterior_wrapper took 0.001293 seconds
2025-12-19 08:59:23,828 - TPE using 38/38 trials with best loss -0.771013
2025-12-19 08:59:52,316 - build_posterior_wrapper took 0.001287 seconds
2025-12-19 08:59:52,316 - TPE using 39/39 trials with best loss -0.771013
2025-12-19 09:01:29,193 - build_posterior_wrapper took 0.001400 seconds
2025-12-19 09:01:29,194 - TPE using 40/40 trials with best loss -0.796221
2025-12-19 09:04:02,037 - build_posterior_wrapper took 0.001159 seconds
2025-12-19 09:04:02,037 - TPE using 41/41 trials with best loss -0.796221
2025-12-19 09:06:38,352 - build_posterior_wrapper took 0.001125 seconds
2025-12-19 09:06:38,353 - TPE using 42/42 trials with best loss -0.796221
2025-12-19 09:09:04,044 - build_posterior_wrapper took 0.000909 seconds
2025-12-19 09:09:04,044 - TPE using 43/43 trials with best loss -0.796221
2025-12-19 09:11:34,456 - build_posterior_wrapper took 0.001101 seconds
2025-12-19 09:11:34,456 - TPE using 44/44 trials with best loss -0.796221
2025-12-19 09:13:59,670 - build_posterior_wrapper took 0.001183 seconds
2025-12-19 09:13:59,671 - TPE using 45/45 trials with best loss -0.796221
2025-12-19 09:15:51,156 - build_posterior_wrapper took 0.001213 seconds
2025-12-19 09:15:51,157 - TPE using 46/46 trials with best loss -0.796221
2025-12-19 09:18:49,453 - build_posterior_wrapper took 0.001185 seconds
2025-12-19 09:18:49,454 - TPE using 47/47 trials with best loss -0.796221
2025-12-19 09:21:26,040 - build_posterior_wrapper took 0.001472 seconds
2025-12-19 09:21:26,041 - TPE using 48/48 trials with best loss -0.796221
2025-12-19 09:25:39,551 - build_posterior_wrapper took 0.001435 seconds
2025-12-19 09:25:39,552 - TPE using 49/49 trials with best loss -0.796221
2025-12-19 09:28:49,325 - Best Hyperparameters: {'bootstrap': False, 'class_weight': None, 'max_depth': 10, 'min_samples_leaf': 1, 'min_samples_split': 5, 'n_estimators': 500, 'random_state': 42}
2025-12-19 09:28:49,326 - Best Validation Score: 0.7962212101205937
2025-12-19 09:37:23,542 - Final Test Score: 0.8270927366465791
2025-12-19 09:37:30,152 - Model Class: LogisticRegression
2025-12-19 09:37:30,152 - Hyperparameter Space: {'C': <hyperopt.pyll.base.Apply object at 0x7073812a74d0>, 'penalty': <hyperopt.pyll.base.Apply object at 0x70738129d4d0>, 'solver': <hyperopt.pyll.base.Apply object at 0x707381295350>, 'max_iter': <hyperopt.pyll.base.Apply object at 0x7073812e4cd0>, 'random_state': 42, 'class_weight': <hyperopt.pyll.base.Apply object at 0x7073812e4d50>, 'normalize': <hyperopt.pyll.base.Apply object at 0x7073812e6750>}
2025-12-19 09:37:30,161 - build_posterior_wrapper took 0.001652 seconds
2025-12-19 09:37:30,161 - TPE using 0 trials
2025-12-19 09:37:30,164 - job exception: LogisticRegression.__init__() got an unexpected keyword argument 'normalize'
2025-12-19 11:00:03,146 - Model Class: LogisticRegression
2025-12-19 11:00:03,147 - Hyperparameter Space: {'C': <hyperopt.pyll.base.Apply object at 0x7dfe76ecb110>, 'penalty': <hyperopt.pyll.base.Apply object at 0x7dfe76f0b0b0>, 'solver': <hyperopt.pyll.base.Apply object at 0x7dfe76f1df50>, 'max_iter': <hyperopt.pyll.base.Apply object at 0x7dfe7711be30>, 'random_state': 42, 'class_weight': <hyperopt.pyll.base.Apply object at 0x7dfe76ec65b0>, 'normalize': <hyperopt.pyll.base.Apply object at 0x7dfe76f65860>}
2025-12-19 11:00:03,152 - build_posterior_wrapper took 0.001059 seconds
2025-12-19 11:00:03,153 - TPE using 0 trials
2025-12-19 11:00:03,153 - job exception: LogisticRegression.__init__() got an unexpected keyword argument 'normalize'
2026-03-18 14:17:29,157 - Model Class: LogisticRegression
2026-03-18 14:17:29,158 - Hyperparameter Space: {'C': <hyperopt.pyll.base.Apply object at 0xffff71c096d0>, 'penalty': <hyperopt.pyll.base.Apply object at 0xffff71c060f0>, 'solver': <hyperopt.pyll.base.Apply object at 0xffff7188c150>, 'max_iter': <hyperopt.pyll.base.Apply object at 0xffff71f43f20>, 'random_state': 42, 'class_weight': <hyperopt.pyll.base.Apply object at 0xffff71b96c30>, 'normalize': <hyperopt.pyll.base.Apply object at 0xffff71894f70>}
2026-03-18 14:17:29,163 - build_posterior_wrapper took 0.000969 seconds
2026-03-18 14:17:29,163 - TPE using 0 trials
2026-03-18 14:17:38,346 - build_posterior_wrapper took 0.000722 seconds
2026-03-18 14:17:38,346 - TPE using 1/1 trials with best loss -0.779486
2026-03-18 14:18:21,225 - build_posterior_wrapper took 0.000926 seconds
2026-03-18 14:18:21,227 - TPE using 2/2 trials with best loss -0.779486
2026-03-18 14:18:23,822 - build_posterior_wrapper took 0.000655 seconds
2026-03-18 14:18:23,824 - TPE using 3/3 trials with best loss -0.779486
2026-03-18 14:18:32,675 - build_posterior_wrapper took 0.000689 seconds
2026-03-18 14:18:32,676 - TPE using 4/4 trials with best loss -0.779486
2026-03-18 14:18:37,342 - build_posterior_wrapper took 0.000745 seconds
2026-03-18 14:18:37,343 - TPE using 5/5 trials with best loss -0.779486
2026-03-18 14:19:22,034 - build_posterior_wrapper took 0.000686 seconds
2026-03-18 14:19:22,035 - TPE using 6/6 trials with best loss -0.779486
2026-03-18 14:19:44,320 - build_posterior_wrapper took 0.000898 seconds
2026-03-18 14:19:44,323 - TPE using 7/7 trials with best loss -0.779486
2026-03-18 14:19:48,954 - build_posterior_wrapper took 0.000707 seconds
2026-03-18 14:19:48,955 - TPE using 8/8 trials with best loss -0.779486
2026-03-18 14:19:57,207 - build_posterior_wrapper took 0.000751 seconds
2026-03-18 14:19:57,208 - TPE using 9/9 trials with best loss -0.780023
2026-03-18 14:20:02,029 - build_posterior_wrapper took 0.000732 seconds
2026-03-18 14:20:02,030 - TPE using 10/10 trials with best loss -0.780023
2026-03-18 14:20:03,986 - build_posterior_wrapper took 0.000773 seconds
2026-03-18 14:20:03,987 - TPE using 11/11 trials with best loss -0.780023
2026-03-18 14:20:28,325 - build_posterior_wrapper took 0.000752 seconds
2026-03-18 14:20:28,327 - TPE using 12/12 trials with best loss -0.780023
2026-03-18 14:20:32,090 - build_posterior_wrapper took 0.000643 seconds
2026-03-18 14:20:32,091 - TPE using 13/13 trials with best loss -0.780023
2026-03-18 14:20:36,483 - build_posterior_wrapper took 0.000710 seconds
2026-03-18 14:20:36,484 - TPE using 14/14 trials with best loss -0.780023
2026-03-18 14:20:57,542 - build_posterior_wrapper took 0.000741 seconds
2026-03-18 14:20:57,543 - TPE using 15/15 trials with best loss -0.780023
2026-03-18 14:21:04,320 - build_posterior_wrapper took 0.000666 seconds
2026-03-18 14:21:04,320 - TPE using 16/16 trials with best loss -0.780023
2026-03-18 14:22:44,871 - build_posterior_wrapper took 0.000835 seconds
2026-03-18 14:22:44,873 - TPE using 17/17 trials with best loss -0.780023
2026-03-18 14:22:49,224 - build_posterior_wrapper took 0.000719 seconds
2026-03-18 14:22:49,225 - TPE using 18/18 trials with best loss -0.780023
2026-03-18 14:23:11,115 - build_posterior_wrapper took 0.000816 seconds
2026-03-18 14:23:11,116 - TPE using 19/19 trials with best loss -0.780023
2026-03-18 14:23:15,393 - build_posterior_wrapper took 0.000904 seconds
2026-03-18 14:23:15,395 - TPE using 20/20 trials with best loss -0.780023
2026-03-18 14:23:23,489 - build_posterior_wrapper took 0.000844 seconds
2026-03-18 14:23:23,491 - TPE using 21/21 trials with best loss -0.780023
2026-03-18 14:23:30,427 - build_posterior_wrapper took 0.000824 seconds
2026-03-18 14:23:30,428 - TPE using 22/22 trials with best loss -0.780348
2026-03-18 14:23:36,412 - build_posterior_wrapper took 0.000742 seconds
2026-03-18 14:23:36,415 - TPE using 23/23 trials with best loss -0.780348
2026-03-18 14:23:45,818 - build_posterior_wrapper took 0.000713 seconds
2026-03-18 14:23:45,819 - TPE using 24/24 trials with best loss -0.780348
2026-03-18 14:23:54,986 - build_posterior_wrapper took 0.000774 seconds
2026-03-18 14:23:54,987 - TPE using 25/25 trials with best loss -0.780348
2026-03-18 14:24:03,671 - build_posterior_wrapper took 0.000890 seconds
2026-03-18 14:24:03,672 - TPE using 26/26 trials with best loss -0.780348
2026-03-18 14:24:09,864 - build_posterior_wrapper took 0.000709 seconds
2026-03-18 14:24:09,865 - TPE using 27/27 trials with best loss -0.780348
2026-03-18 14:24:17,099 - build_posterior_wrapper took 0.000707 seconds
2026-03-18 14:24:17,100 - TPE using 28/28 trials with best loss -0.780348
2026-03-18 14:24:26,938 - build_posterior_wrapper took 0.000733 seconds
2026-03-18 14:24:26,940 - TPE using 29/29 trials with best loss -0.780348
2026-03-18 14:24:35,078 - build_posterior_wrapper took 0.000710 seconds
2026-03-18 14:24:35,079 - TPE using 30/30 trials with best loss -0.780348
2026-03-18 14:24:42,046 - build_posterior_wrapper took 0.000794 seconds
2026-03-18 14:24:42,049 - TPE using 31/31 trials with best loss -0.780348
2026-03-18 14:24:49,952 - build_posterior_wrapper took 0.000670 seconds
2026-03-18 14:24:49,953 - TPE using 32/32 trials with best loss -0.780348
2026-03-18 14:24:56,599 - build_posterior_wrapper took 0.000718 seconds
2026-03-18 14:24:56,600 - TPE using 33/33 trials with best loss -0.780348
2026-03-18 14:25:03,751 - build_posterior_wrapper took 0.000788 seconds
2026-03-18 14:25:03,752 - TPE using 34/34 trials with best loss -0.780348
2026-03-18 14:25:07,203 - build_posterior_wrapper took 0.000655 seconds
2026-03-18 14:25:07,204 - TPE using 35/35 trials with best loss -0.780348
2026-03-18 14:25:13,896 - build_posterior_wrapper took 0.000703 seconds
2026-03-18 14:25:13,897 - TPE using 36/36 trials with best loss -0.780348
2026-03-18 14:25:17,622 - build_posterior_wrapper took 0.000696 seconds
2026-03-18 14:25:17,623 - TPE using 37/37 trials with best loss -0.780348
2026-03-18 14:25:23,904 - build_posterior_wrapper took 0.000682 seconds
2026-03-18 14:25:23,905 - TPE using 38/38 trials with best loss -0.780348
2026-03-18 14:25:32,201 - build_posterior_wrapper took 0.000716 seconds
2026-03-18 14:25:32,203 - TPE using 39/39 trials with best loss -0.780348
2026-03-18 14:25:35,431 - build_posterior_wrapper took 0.000659 seconds
2026-03-18 14:25:35,431 - TPE using 40/40 trials with best loss -0.780348
2026-03-18 14:25:43,340 - build_posterior_wrapper took 0.000878 seconds
2026-03-18 14:25:43,341 - TPE using 41/41 trials with best loss -0.780348
2026-03-18 14:25:49,454 - build_posterior_wrapper took 0.000807 seconds
2026-03-18 14:25:49,455 - TPE using 42/42 trials with best loss -0.780348
2026-03-18 14:26:31,371 - build_posterior_wrapper took 0.000714 seconds
2026-03-18 14:26:31,373 - TPE using 43/43 trials with best loss -0.780348
2026-03-18 14:26:40,001 - build_posterior_wrapper took 0.000655 seconds
2026-03-18 14:26:40,002 - TPE using 44/44 trials with best loss -0.780348
2026-03-18 14:26:43,848 - build_posterior_wrapper took 0.000632 seconds
2026-03-18 14:26:43,849 - TPE using 45/45 trials with best loss -0.780348
2026-03-18 14:28:08,097 - build_posterior_wrapper took 0.001024 seconds
2026-03-18 14:28:08,099 - TPE using 46/46 trials with best loss -0.780348
2026-03-18 14:28:11,425 - build_posterior_wrapper took 0.000766 seconds
2026-03-18 14:28:11,426 - TPE using 47/47 trials with best loss -0.780348
2026-03-18 14:29:16,901 - build_posterior_wrapper took 0.000864 seconds
2026-03-18 14:29:16,903 - TPE using 48/48 trials with best loss -0.780348
2026-03-18 14:29:18,946 - build_posterior_wrapper took 0.000731 seconds
2026-03-18 14:29:18,947 - TPE using 49/49 trials with best loss -0.780348
2026-03-18 14:30:02,210 - Best Hyperparameters: {'C': 0.0010328870400006407, 'class_weight': 'balanced', 'max_iter': 300, 'normalize': False, 'penalty': 'l2', 'random_state': 42, 'solver': 'lbfgs'}
2026-03-18 14:30:02,211 - Best Validation Score: 0.7803482180346368
2026-03-18 14:30:14,977 - Final Test Score: 0.7994478589417479
2026-04-01 06:31:20,637 - Model Class: RandomForestClassifier
2026-04-01 06:31:20,637 - Hyperparameter Space: {'n_estimators': <hyperopt.pyll.base.Apply object at 0x72ae23ab9810>, 'max_depth': <hyperopt.pyll.base.Apply object at 0x72ae23ab5eb0>, 'min_samples_split': <hyperopt.pyll.base.Apply object at 0x72ae23af4150>, 'min_samples_leaf': <hyperopt.pyll.base.Apply object at 0x72ae237d0410>, 'bootstrap': <hyperopt.pyll.base.Apply object at 0x72ae23a4ed00>, 'random_state': 42, 'class_weight': <hyperopt.pyll.base.Apply object at 0x72ae23b01650>}
2026-04-01 06:31:20,641 - build_posterior_wrapper took 0.000661 seconds
2026-04-01 06:31:20,641 - TPE using 0 trials
2026-04-01 06:31:43,103 - build_posterior_wrapper took 0.000647 seconds
2026-04-01 06:31:43,104 - TPE using 1/1 trials with best loss -0.908728
2026-04-01 06:33:08,990 - build_posterior_wrapper took 0.000684 seconds
2026-04-01 06:33:08,990 - TPE using 2/2 trials with best loss -0.916347
2026-04-01 06:33:30,954 - build_posterior_wrapper took 0.000703 seconds
2026-04-01 06:33:30,954 - TPE using 3/3 trials with best loss -0.916347
2026-04-01 06:34:25,933 - build_posterior_wrapper took 0.000695 seconds
2026-04-01 06:34:25,933 - TPE using 4/4 trials with best loss -0.916347
2026-04-01 06:34:58,487 - build_posterior_wrapper took 0.000646 seconds
2026-04-01 06:34:58,487 - TPE using 5/5 trials with best loss -0.916347
2026-04-01 06:35:45,873 - build_posterior_wrapper took 0.000680 seconds
2026-04-01 06:35:45,873 - TPE using 6/6 trials with best loss -0.917894
2026-04-01 06:36:48,918 - build_posterior_wrapper took 0.000687 seconds
2026-04-01 06:36:48,918 - TPE using 7/7 trials with best loss -0.926582
2026-04-01 06:37:53,000 - build_posterior_wrapper took 0.000658 seconds
2026-04-01 06:37:53,000 - TPE using 8/8 trials with best loss -0.926582
2026-04-01 06:38:09,797 - build_posterior_wrapper took 0.000642 seconds
2026-04-01 06:38:09,797 - TPE using 9/9 trials with best loss -0.926582
2026-04-01 06:39:08,339 - build_posterior_wrapper took 0.000656 seconds
2026-04-01 06:39:08,339 - TPE using 10/10 trials with best loss -0.926582
2026-04-01 06:39:21,204 - build_posterior_wrapper took 0.000673 seconds
2026-04-01 06:39:21,204 - TPE using 11/11 trials with best loss -0.926582
2026-04-01 06:40:20,346 - build_posterior_wrapper took 0.000685 seconds
2026-04-01 06:40:20,346 - TPE using 12/12 trials with best loss -0.926582
2026-04-01 06:41:03,502 - build_posterior_wrapper took 0.000703 seconds
2026-04-01 06:41:03,502 - TPE using 13/13 trials with best loss -0.926582
2026-04-01 06:41:51,044 - build_posterior_wrapper took 0.000651 seconds
2026-04-01 06:41:51,044 - TPE using 14/14 trials with best loss -0.926582
2026-04-01 06:42:38,532 - build_posterior_wrapper took 0.000694 seconds
2026-04-01 06:42:38,532 - TPE using 15/15 trials with best loss -0.926582
2026-04-01 06:42:55,336 - build_posterior_wrapper took 0.000674 seconds
2026-04-01 06:42:55,336 - TPE using 16/16 trials with best loss -0.926582
2026-04-01 06:44:20,380 - build_posterior_wrapper took 0.000658 seconds
2026-04-01 06:44:20,380 - TPE using 17/17 trials with best loss -0.926582
2026-04-01 06:44:56,590 - build_posterior_wrapper took 0.000696 seconds
2026-04-01 06:44:56,591 - TPE using 18/18 trials with best loss -0.926582
2026-04-01 06:46:15,491 - build_posterior_wrapper took 0.000695 seconds
2026-04-01 06:46:15,491 - TPE using 19/19 trials with best loss -0.926582
2026-04-01 06:46:33,959 - build_posterior_wrapper took 0.000688 seconds
2026-04-01 06:46:33,959 - TPE using 20/20 trials with best loss -0.926582
2026-04-01 06:47:13,573 - build_posterior_wrapper took 0.000655 seconds
2026-04-01 06:47:13,573 - TPE using 21/21 trials with best loss -0.926582
2026-04-01 06:48:17,590 - build_posterior_wrapper took 0.000680 seconds
2026-04-01 06:48:17,590 - TPE using 22/22 trials with best loss -0.926582
2026-04-01 06:49:21,697 - build_posterior_wrapper took 0.000679 seconds
2026-04-01 06:49:21,697 - TPE using 23/23 trials with best loss -0.926582
2026-04-01 06:50:46,817 - build_posterior_wrapper took 0.000640 seconds
2026-04-01 06:50:46,817 - TPE using 24/24 trials with best loss -0.928317
2026-04-01 06:52:12,237 - build_posterior_wrapper took 0.000661 seconds
2026-04-01 06:52:12,237 - TPE using 25/25 trials with best loss -0.928317
2026-04-01 06:53:37,475 - build_posterior_wrapper took 0.000663 seconds
2026-04-01 06:53:37,476 - TPE using 26/26 trials with best loss -0.928317
2026-04-01 06:55:02,253 - build_posterior_wrapper took 0.000657 seconds
2026-04-01 06:55:02,253 - TPE using 27/27 trials with best loss -0.928317
2026-04-01 06:56:25,046 - build_posterior_wrapper took 0.000684 seconds
2026-04-01 06:56:25,046 - TPE using 28/28 trials with best loss -0.931470
2026-04-01 06:57:47,488 - build_posterior_wrapper took 0.000684 seconds
2026-04-01 06:57:47,488 - TPE using 29/29 trials with best loss -0.931470
2026-04-01 06:58:29,294 - build_posterior_wrapper took 0.000647 seconds
2026-04-01 06:58:29,294 - TPE using 30/30 trials with best loss -0.931470
2026-04-01 06:59:51,869 - build_posterior_wrapper took 0.000697 seconds
2026-04-01 06:59:51,869 - TPE using 31/31 trials with best loss -0.931470
2026-04-01 07:01:15,119 - build_posterior_wrapper took 0.000709 seconds
2026-04-01 07:01:15,119 - TPE using 32/32 trials with best loss -0.931470
2026-04-01 07:02:38,330 - build_posterior_wrapper took 0.000699 seconds
2026-04-01 07:02:38,330 - TPE using 33/33 trials with best loss -0.931470
2026-04-01 07:03:22,058 - build_posterior_wrapper took 0.000657 seconds
2026-04-01 07:03:22,058 - TPE using 34/34 trials with best loss -0.931470
2026-04-01 07:04:44,681 - build_posterior_wrapper took 0.000679 seconds
2026-04-01 07:04:44,681 - TPE using 35/35 trials with best loss -0.931470
2026-04-01 07:05:50,053 - build_posterior_wrapper took 0.000684 seconds
2026-04-01 07:05:50,053 - TPE using 36/36 trials with best loss -0.931470
2026-04-01 07:07:13,381 - build_posterior_wrapper took 0.000672 seconds
2026-04-01 07:07:13,381 - TPE using 37/37 trials with best loss -0.931470
2026-04-01 07:07:55,460 - build_posterior_wrapper took 0.000694 seconds
2026-04-01 07:07:55,460 - TPE using 38/38 trials with best loss -0.931470
2026-04-01 07:09:04,670 - build_posterior_wrapper took 0.000667 seconds
2026-04-01 07:09:04,671 - TPE using 39/39 trials with best loss -0.931470
2026-04-01 07:10:27,393 - build_posterior_wrapper took 0.000689 seconds
2026-04-01 07:10:27,393 - TPE using 40/40 trials with best loss -0.931470
2026-04-01 07:11:36,449 - build_posterior_wrapper took 0.000671 seconds
2026-04-01 07:11:36,449 - TPE using 41/41 trials with best loss -0.931470
2026-04-01 07:11:58,092 - build_posterior_wrapper took 0.000688 seconds
2026-04-01 07:11:58,092 - TPE using 42/42 trials with best loss -0.931470
2026-04-01 07:13:23,554 - build_posterior_wrapper took 0.000692 seconds
2026-04-01 07:13:23,554 - TPE using 43/43 trials with best loss -0.931470
2026-04-01 07:13:58,558 - build_posterior_wrapper took 0.000695 seconds
2026-04-01 07:13:58,558 - TPE using 44/44 trials with best loss -0.931470
2026-04-01 07:15:23,644 - build_posterior_wrapper took 0.000677 seconds
2026-04-01 07:15:23,644 - TPE using 45/45 trials with best loss -0.931470
2026-04-01 07:15:40,014 - build_posterior_wrapper took 0.000717 seconds
2026-04-01 07:15:40,015 - TPE using 46/46 trials with best loss -0.931470
2026-04-01 07:17:05,882 - build_posterior_wrapper took 0.000656 seconds
2026-04-01 07:17:05,882 - TPE using 47/47 trials with best loss -0.931470
2026-04-01 07:17:49,106 - build_posterior_wrapper took 0.000654 seconds
2026-04-01 07:17:49,106 - TPE using 48/48 trials with best loss -0.931470
2026-04-01 07:19:14,347 - build_posterior_wrapper took 0.000651 seconds
2026-04-01 07:19:14,347 - TPE using 49/49 trials with best loss -0.931470
2026-04-01 07:19:27,255 - Best Hyperparameters: {'bootstrap': False, 'class_weight': None, 'max_depth': 20, 'min_samples_leaf': 4, 'min_samples_split': 5, 'n_estimators': 400, 'random_state': 42}
2026-04-01 07:19:27,255 - Best Validation Score: 0.9314700695189525
2026-04-01 07:24:34,372 - Final Test Score: 0.852281483734628
2026-04-01 07:24:42,858 - Final External Test Score: 0.7843154354201847
2026-04-01 07:24:43,743 - Model Class: LogisticRegression
2026-04-01 07:24:43,743 - Hyperparameter Space: {'C': <hyperopt.pyll.base.Apply object at 0x72ae237f78d0>, 'penalty': <hyperopt.pyll.base.Apply object at 0x72ae238356d0>, 'solver': <hyperopt.pyll.base.Apply object at 0x72ae238362d0>, 'max_iter': <hyperopt.pyll.base.Apply object at 0x72ae238346d0>, 'random_state': 42, 'class_weight': <hyperopt.pyll.base.Apply object at 0x72ae23836450>, 'normalize': <hyperopt.pyll.base.Apply object at 0x72ae23837bd0>}
2026-04-01 07:24:43,745 - build_posterior_wrapper took 0.000575 seconds
2026-04-01 07:24:43,745 - TPE using 0 trials
2026-04-01 07:24:49,462 - build_posterior_wrapper took 0.000616 seconds
2026-04-01 07:24:49,462 - TPE using 1/1 trials with best loss -0.785343
2026-04-01 07:26:40,650 - Model Class: RandomForestClassifier
2026-04-01 07:26:40,650 - Hyperparameter Space: {'n_estimators': <hyperopt.pyll.base.Apply object at 0x7133e017d810>, 'max_depth': <hyperopt.pyll.base.Apply object at 0x7133e0179a30>, 'min_samples_split': <hyperopt.pyll.base.Apply object at 0x7133e01b8b50>, 'min_samples_leaf': <hyperopt.pyll.base.Apply object at 0x7133dfea0230>, 'bootstrap': <hyperopt.pyll.base.Apply object at 0x7133e0112c30>, 'random_state': 42, 'class_weight': <hyperopt.pyll.base.Apply object at 0x7133e01c9440>}
2026-04-01 07:26:40,653 - build_posterior_wrapper took 0.000690 seconds
2026-04-01 07:26:40,653 - TPE using 0 trials
2026-04-01 07:26:58,742 - build_posterior_wrapper took 0.000666 seconds
2026-04-01 07:26:58,742 - TPE using 1/1 trials with best loss -0.762134
2026-04-01 07:28:09,108 - build_posterior_wrapper took 0.000667 seconds
2026-04-01 07:28:09,108 - TPE using 2/2 trials with best loss -0.798527
2026-04-01 07:28:27,754 - build_posterior_wrapper took 0.000706 seconds
2026-04-01 07:28:27,754 - TPE using 3/3 trials with best loss -0.798527
2026-04-01 07:29:13,078 - build_posterior_wrapper took 0.000715 seconds
2026-04-01 07:29:13,079 - TPE using 4/4 trials with best loss -0.851869
2026-04-01 07:29:39,875 - build_posterior_wrapper took 0.000676 seconds
2026-04-01 07:29:39,875 - TPE using 5/5 trials with best loss -0.851869
2026-04-01 07:30:18,462 - build_posterior_wrapper took 0.000690 seconds
2026-04-01 07:30:18,462 - TPE using 6/6 trials with best loss -0.851869
2026-04-01 07:31:10,542 - build_posterior_wrapper took 0.000658 seconds
2026-04-01 07:31:10,542 - TPE using 7/7 trials with best loss -0.851869
2026-04-01 07:32:03,290 - build_posterior_wrapper took 0.000654 seconds
2026-04-01 07:32:03,290 - TPE using 8/8 trials with best loss -0.851869
2026-04-01 07:32:16,728 - build_posterior_wrapper took 0.000648 seconds
2026-04-01 07:32:16,728 - TPE using 9/9 trials with best loss -0.851869
2026-04-01 07:33:05,044 - Best Hyperparameters: {'bootstrap': False, 'class_weight': 'balanced', 'max_depth': 10, 'min_samples_leaf': 1, 'min_samples_split': 5, 'n_estimators': 400, 'random_state': 42}
2026-04-01 07:33:05,044 - Best Validation Score: 0.8518693499955888
2026-04-01 07:35:47,153 - Final Test Score: 0.8539513876049116
2026-04-01 07:35:52,476 - Final External Test Score: 0.7873898171820684
2026-04-01 07:35:53,374 - Model Class: LogisticRegression
2026-04-01 07:35:53,374 - Hyperparameter Space: {'C': <hyperopt.pyll.base.Apply object at 0x7133dfea9450>, 'penalty': <hyperopt.pyll.base.Apply object at 0x7133dff0e750>, 'solver': <hyperopt.pyll.base.Apply object at 0x7133dff0f450>, 'max_iter': <hyperopt.pyll.base.Apply object at 0x7133dff0fcd0>, 'random_state': 42, 'class_weight': <hyperopt.pyll.base.Apply object at 0x7133dff0cfd0>, 'normalize': <hyperopt.pyll.base.Apply object at 0x7133dff0cd50>}
2026-04-01 07:35:53,376 - build_posterior_wrapper took 0.000566 seconds
2026-04-01 07:35:53,376 - TPE using 0 trials
2026-04-01 07:35:57,901 - build_posterior_wrapper took 0.000590 seconds
2026-04-01 07:35:57,902 - TPE using 1/1 trials with best loss -0.827183
2026-04-01 07:36:30,723 - build_posterior_wrapper took 0.000590 seconds
2026-04-01 07:36:30,723 - TPE using 2/2 trials with best loss -0.827183
2026-04-01 07:36:32,278 - build_posterior_wrapper took 0.000597 seconds
2026-04-01 07:36:32,279 - TPE using 3/3 trials with best loss -0.827183
2026-04-01 07:36:38,969 - build_posterior_wrapper took 0.000589 seconds
2026-04-01 07:36:38,969 - TPE using 4/4 trials with best loss -0.827183
2026-04-01 07:36:41,743 - build_posterior_wrapper took 0.000596 seconds
2026-04-01 07:36:41,744 - TPE using 5/5 trials with best loss -0.827183
2026-04-01 07:37:13,243 - build_posterior_wrapper took 0.000587 seconds
2026-04-01 07:37:13,243 - TPE using 6/6 trials with best loss -0.827183
2026-04-01 07:37:29,572 - build_posterior_wrapper took 0.000640 seconds
2026-04-01 07:37:29,572 - TPE using 7/7 trials with best loss -0.830388
2026-04-01 07:37:32,295 - build_posterior_wrapper took 0.000612 seconds
2026-04-01 07:37:32,295 - TPE using 8/8 trials with best loss -0.830388
2026-04-01 07:37:37,623 - build_posterior_wrapper took 0.000590 seconds
2026-04-01 07:37:37,623 - TPE using 9/9 trials with best loss -0.830388
2026-04-01 07:37:40,383 - Best Hyperparameters: {'C': 0.003093724607490376, 'class_weight': 'balanced', 'max_iter': 100, 'normalize': False, 'penalty': 'l2', 'random_state': 42, 'solver': 'saga'}
2026-04-01 07:37:40,383 - Best Validation Score: 0.8303881277635821
2026-04-01 07:37:56,212 - Final Test Score: 0.8275027887336611
2026-04-01 07:37:56,626 - Final External Test Score: 0.7546769423986985
2026-04-01 07:49:49,602 - Model Class: RandomForestClassifier
2026-04-01 07:49:49,602 - Hyperparameter Space: {'n_estimators': <hyperopt.pyll.base.Apply object at 0x781d131d5810>, 'max_depth': <hyperopt.pyll.base.Apply object at 0x781d131d1a30>, 'max_leaf_nodes': <hyperopt.pyll.base.Apply object at 0x781d13210b50>, 'min_samples_split': <hyperopt.pyll.base.Apply object at 0x781d12f04320>, 'min_samples_leaf': <hyperopt.pyll.base.Apply object at 0x781d1316ac30>, 'bootstrap': <hyperopt.pyll.base.Apply object at 0x781d13221390>, 'random_state': 42, 'n_jobs': -1, 'class_weight': <hyperopt.pyll.base.Apply object at 0x781d12f09bd0>}
2026-04-01 07:49:49,606 - build_posterior_wrapper took 0.000983 seconds
2026-04-01 07:49:49,606 - TPE using 0 trials
2026-04-01 07:49:49,607 - job exception: sklearn.ensemble._forest.RandomForestClassifier() got multiple values for keyword argument 'n_jobs'
2026-04-01 07:51:01,446 - Model Class: RandomForestClassifier
2026-04-01 07:51:01,446 - Hyperparameter Space: {'n_estimators': <hyperopt.pyll.base.Apply object at 0x7b74b17c5810>, 'max_depth': <hyperopt.pyll.base.Apply object at 0x7b74b17c1a30>, 'max_leaf_nodes': <hyperopt.pyll.base.Apply object at 0x7b74b1800b50>, 'min_samples_split': <hyperopt.pyll.base.Apply object at 0x7b74b14e8230>, 'min_samples_leaf': <hyperopt.pyll.base.Apply object at 0x7b74b1756d00>, 'bootstrap': <hyperopt.pyll.base.Apply object at 0x7b74b1811390>, 'class_weight': <hyperopt.pyll.base.Apply object at 0x7b74b14f1bd0>}
2026-04-01 07:51:01,450 - build_posterior_wrapper took 0.000923 seconds
2026-04-01 07:51:01,450 - TPE using 0 trials
2026-04-01 07:51:02,067 - job exception: The classes, ['Control', 'Sepsis'], are not in class_weight
2026-04-01 07:51:55,210 - Model Class: RandomForestClassifier
2026-04-01 07:51:55,210 - Hyperparameter Space: {'n_estimators': <hyperopt.pyll.base.Apply object at 0x72a709ca5810>, 'max_depth': <hyperopt.pyll.base.Apply object at 0x72a709ca1fd0>, 'max_leaf_nodes': <hyperopt.pyll.base.Apply object at 0x72a709ce0050>, 'min_samples_split': <hyperopt.pyll.base.Apply object at 0x72a709d0c140>, 'min_samples_leaf': <hyperopt.pyll.base.Apply object at 0x72a709c36b60>, 'bootstrap': <hyperopt.pyll.base.Apply object at 0x72a709cf1700>, 'class_weight': <hyperopt.pyll.base.Apply object at 0x72a7099d1e50>}
2026-04-01 07:51:55,215 - build_posterior_wrapper took 0.000952 seconds
2026-04-01 07:51:55,215 - TPE using 0 trials
2026-04-01 07:52:00,420 - build_posterior_wrapper took 0.000988 seconds
2026-04-01 07:52:00,420 - TPE using 1/1 trials with best loss -0.857811
2026-04-01 07:52:31,636 - build_posterior_wrapper took 0.000981 seconds
2026-04-01 07:52:31,636 - TPE using 2/2 trials with best loss -0.857811
2026-04-01 07:52:39,080 - build_posterior_wrapper took 0.000966 seconds
2026-04-01 07:52:39,080 - TPE using 3/3 trials with best loss -0.857811
2026-04-01 07:53:04,705 - build_posterior_wrapper took 0.000926 seconds
2026-04-01 07:53:04,705 - TPE using 4/4 trials with best loss -0.858978
2026-04-01 07:53:15,121 - build_posterior_wrapper took 0.000956 seconds
2026-04-01 07:53:15,121 - TPE using 5/5 trials with best loss -0.862254
2026-04-01 07:53:37,678 - build_posterior_wrapper took 0.000931 seconds
2026-04-01 07:53:37,678 - TPE using 6/6 trials with best loss -0.862254
2026-04-01 07:54:06,762 - build_posterior_wrapper took 0.000984 seconds
2026-04-01 07:54:06,762 - TPE using 7/7 trials with best loss -0.862254
2026-04-01 07:54:21,019 - build_posterior_wrapper took 0.000917 seconds
2026-04-01 07:54:21,019 - TPE using 8/8 trials with best loss -0.862254
2026-04-01 07:54:28,036 - build_posterior_wrapper took 0.000952 seconds
2026-04-01 07:54:28,036 - TPE using 9/9 trials with best loss -0.862254
2026-04-01 07:54:53,463 - Best Hyperparameters: {'bootstrap': True, 'class_weight': {0: 0.001, 1: 1}, 'max_depth': 20, 'max_leaf_nodes': 79, 'min_samples_leaf': 0.002944827566547015, 'min_samples_split': 0.0018698018110930824, 'n_estimators': 200}
2026-04-01 07:54:53,463 - Best Validation Score: 0.8622541171604026
2026-04-01 07:55:46,834 - Final Test Score: 0.8628964579483959
2026-04-01 07:55:49,120 - Final External Test Score: 0.8112290048640353
2026-04-01 07:55:50,055 - Model Class: LogisticRegression
2026-04-01 07:55:50,055 - Hyperparameter Space: {'C': <hyperopt.pyll.base.Apply object at 0x72a7099f9ad0>, 'penalty': <hyperopt.pyll.base.Apply object at 0x72a709a05a50>, 'solver': <hyperopt.pyll.base.Apply object at 0x72a709a059d0>, 'max_iter': <hyperopt.pyll.base.Apply object at 0x72a709a078d0>, 'random_state': 42, 'class_weight': <hyperopt.pyll.base.Apply object at 0x72a709a65150>, 'normalize': <hyperopt.pyll.base.Apply object at 0x72a709a67850>}
2026-04-01 07:55:50,057 - build_posterior_wrapper took 0.000589 seconds
2026-04-01 07:55:50,057 - TPE using 0 trials
2026-04-01 07:55:54,338 - build_posterior_wrapper took 0.000900 seconds
2026-04-01 07:55:54,338 - TPE using 1/1 trials with best loss -0.832604
2026-04-01 07:56:25,234 - build_posterior_wrapper took 0.000898 seconds
2026-04-01 07:56:25,234 - TPE using 2/2 trials with best loss -0.832604
2026-04-01 07:56:26,041 - build_posterior_wrapper took 0.000894 seconds
2026-04-01 07:56:26,041 - TPE using 3/3 trials with best loss -0.832604
2026-04-01 07:56:31,635 - build_posterior_wrapper took 0.000868 seconds
2026-04-01 07:56:31,635 - TPE using 4/4 trials with best loss -0.832604
2026-04-01 07:56:33,254 - build_posterior_wrapper took 0.000992 seconds
2026-04-01 07:56:33,254 - TPE using 5/5 trials with best loss -0.832604
2026-04-01 07:57:02,000 - build_posterior_wrapper took 0.000897 seconds
2026-04-01 07:57:02,000 - TPE using 6/6 trials with best loss -0.832604
2026-04-01 07:57:16,833 - build_posterior_wrapper took 0.000888 seconds
2026-04-01 07:57:16,833 - TPE using 7/7 trials with best loss -0.832604
2026-04-01 07:57:18,907 - build_posterior_wrapper took 0.000899 seconds
2026-04-01 07:57:18,908 - TPE using 8/8 trials with best loss -0.832604
2026-04-01 07:57:22,764 - build_posterior_wrapper took 0.000929 seconds
2026-04-01 07:57:22,764 - TPE using 9/9 trials with best loss -0.832604
2026-04-01 07:57:24,762 - Best Hyperparameters: {'C': 201.16839586877572, 'class_weight': 'balanced', 'max_iter': 400, 'normalize': False, 'penalty': 'l2', 'random_state': 42, 'solver': 'lbfgs'}
2026-04-01 07:57:24,762 - Best Validation Score: 0.8326038360319066
2026-04-01 07:57:32,383 - Final Test Score: 0.8370750410094764
2026-04-01 07:57:32,470 - Final External Test Score: 0.755354655835357
